[22:53:54] [main/INFO]: Loading Minecraft 26.1.2 with Fabric Loader 0.19.2
[22:53:54] [main/INFO]: Mappings not present!
[22:53:54] [main/INFO]: Loading 4 mods:
	- fabricloader 0.19.2
	   \-- mixinextras 0.5.4
	- java 25
	- minecraft 26.1.2
[22:53:54] [main/INFO]: SpongePowered MIXIN Subsystem Version=0.8.7 Source=file:/workspaces/posnoRg_serverMinecraft/servidor_minecraft/libraries/net/fabricmc/sponge-mixin/0.17.2+mixin.0.8.7/sponge-mixin-0.17.2+mixin.0.8.7.jar Service=Knot/Fabric Env=SERVER
[22:54:00] [main/INFO]: Environment: Environment[sessionHost=https://sessionserver.mojang.com, servicesHost=https://api.minecraftservices.com, profilesHost=https://api.mojang.com, name=PROD]
[22:54:01] [Worker-Main-2/INFO]: No existing world data, creating new world
[22:54:02] [main/INFO]: Loaded 1515 recipes
[22:54:02] [main/INFO]: Loaded 1617 advancements
[22:54:02] [Server thread/INFO]: Starting minecraft server version 26.1.2
[22:54:02] [Server thread/INFO]: Loading properties
[22:54:02] [Server thread/INFO]: Default game type: SURVIVAL
[22:54:02] [Server thread/INFO]: Generating keypair
[22:54:02] [Server thread/INFO]: Starting Minecraft server on *:25565
[22:54:02] [Server thread/WARN]: **** SERVER IS RUNNING IN OFFLINE/INSECURE MODE!
[22:54:02] [Server thread/WARN]: The server will make no attempt to authenticate usernames. Beware.
[22:54:02] [Server thread/WARN]: While this makes the game possible to play without internet access, it also opens up the ability for hackers to connect with any username they choose.
[22:54:02] [Server thread/WARN]: To change this, set "online-mode" to "true" in the server.properties file.
[22:54:02] [Server thread/INFO]: Preparing level "world"
[22:54:02] [Server thread/INFO]: Selecting global world spawn...
[22:54:09] [Server thread/INFO]: Loading 0 persistent chunks...
[22:54:09] [Server thread/INFO]: Preparing spawn area: 100%
[22:54:09] [Server thread/INFO]: Time elapsed: 6356 ms
[22:54:09] [Server thread/INFO]: Done (6.734s)! For help, type "help"
[22:54:09] [Server thread/INFO]: Saving chunks for level 'ServerLevel[world]'/minecraft:overworld
[22:54:09] [Server thread/INFO]: Saving chunks for level 'ServerLevel[world]'/minecraft:the_nether
[22:54:09] [Server thread/INFO]: Saving chunks for level 'ServerLevel[world]'/minecraft:the_end
[22:54:09] [Server thread/INFO]: ThreadedAnvilChunkStorage (world): All chunks are saved
[22:54:09] [Server thread/INFO]: ThreadedAnvilChunkStorage (DIM-1): All chunks are saved
[22:54:09] [Server thread/INFO]: ThreadedAnvilChunkStorage (DIM1): All chunks are saved
[22:54:09] [Server thread/INFO]: ThreadedAnvilChunkStorage: All dimensions are saved
[22:54:09] [Server thread/INFO]: Stopping the server
[22:54:09] [Server thread/INFO]: Stopping server
[22:54:09] [Server thread/INFO]: Saving players
[22:54:09] [Server thread/INFO]: Saving worlds
[22:54:09] [Server thread/INFO]: Saving chunks for level 'ServerLevel[world]'/minecraft:overworld
[22:54:10] [Server thread/INFO]: Saving chunks for level 'ServerLevel[world]'/minecraft:the_nether
[22:54:10] [Server thread/INFO]: Saving chunks for level 'ServerLevel[world]'/minecraft:the_end
[22:54:10] [Server thread/INFO]: ThreadedAnvilChunkStorage (world): All chunks are saved
[22:54:10] [Server thread/INFO]: ThreadedAnvilChunkStorage (DIM-1): All chunks are saved
[22:54:10] [Server thread/INFO]: ThreadedAnvilChunkStorage (DIM1): All chunks are saved
[22:54:10] [Server thread/INFO]: ThreadedAnvilChunkStorage: All dimensions are saved
